2026-05-13 10:53:54 [INFO] MODALITY-FLOW ML Pipeline démarré
2026-05-13 10:53:54 [INFO]    Heure: 2026-05-13 10:53:54
2026-05-13 10:53:54 [INFO] =================================================================
2026-05-13 10:53:54 [INFO] Veri yükleniyor...
2026-05-13 10:53:54 [INFO] =================================================================
2026-05-13 10:53:54 [INFO] 644880 satır yüklendi
2026-05-13 10:53:54 [INFO]    Kolonlar: ['station_id', 'timestamp', 'bisiklet_sayisi', 'heure', 'jour_semaine', 'mois', 'jour_mois', 'heure_pointe', 'weekend', 'temperature_max', 'temperature_min', 'precipitation_sum', 'wind_speed_max', 'weather_code', 'indice_qualite', 'no2', 'o3', 'pm10']
2026-05-13 10:53:54 [INFO]    İstasyon sayısı: 57
2026-05-13 10:53:54 [INFO]    Tarih aralığı: 2024-01-01 01:00:13 → 2026-05-13 01:59:13
2026-05-13 10:53:54 [INFO]    Bisiklet min/max: 0 / 55
2026-05-13 10:53:58 [INFO] =================================================================
2026-05-13 10:53:58 [INFO] 🤖 MODEL 1 — Bisiklet Doluluk Tahmini
2026-05-13 10:53:58 [INFO] =================================================================
2026-05-13 10:53:58 [INFO]    Train: 515904 satır | Test: 128976 satır
2026-05-13 10:53:58 [INFO]    RandomForest eğitiliyor...
2026-05-13 10:54:10 [INFO]    MAE  (Mean Absolute Error): 0.30 bisiklet
2026-05-13 10:54:10 [INFO]    R²   (Coefficient): 0.992
2026-05-13 10:54:10 [INFO]    Yorum: Ortalama 0.3 bisiklet hata payıyla tahmin yapıyor
2026-05-13 10:54:10 [INFO] 
   En önemli feature'lar:
        feature  importance
station_encoded    0.844715
temperature_max    0.055231
      jour_mois    0.026995
          heure    0.020493
           mois    0.012042
   jour_semaine    0.011093
 wind_speed_max    0.008290
2026-05-13 10:54:10 [INFO] Model kaydedildi: /Users/ozlemdechamps/Desktop/Velo/ML/models/availability_model.pkl
2026-05-13 10:54:10 [INFO] 
2026-05-13 10:54:10 [INFO]    Örnek tahminler:
2026-05-13 10:54:10 [INFO]    Pazartesi sabah 08:00: ~1 bisiklet mevcut
2026-05-13 10:54:10 [INFO]    Çarşamba öğle 12:00: ~8 bisiklet mevcut
2026-05-13 10:54:10 [INFO]    Cuma akşam 18:00: ~8 bisiklet mevcut
2026-05-13 10:54:10 [INFO]    Cumartesi öğleden sonra: ~3 bisiklet mevcut
2026-05-13 10:54:10 [INFO] =================================================================
2026-05-13 10:54:10 [INFO] 🗺️  MODEL 2 — En Az Karbonlu Rota Tahmini
2026-05-13 10:54:10 [INFO] =================================================================
2026-05-13 10:54:10 [INFO] 
   📍 Gare Saint-Roch → Place de la Comédie
2026-05-13 10:54:10 [INFO]       Distance: 0.52 km
2026-05-13 10:54:10 [INFO]       Meilleur mode: VELO ⭐
2026-05-13 10:54:10 [INFO]       CO₂ économisé vs voiture: 62.2 g
2026-05-13 10:54:10 [INFO]       Comparaison:
2026-05-13 10:54:10 [INFO]         velo       0.52 km | 2.1 min | 0.0 g CO₂RECOMMANDÉ
2026-05-13 10:54:10 [INFO]         marche     0.52 km | 6.2 min | 0.0 g CO₂
2026-05-13 10:54:10 [INFO]         tram       0.52 km | 1.2 min | 2.1 g CO₂
2026-05-13 10:54:10 [INFO]         bus        0.52 km | 1.6 min | 35.3 g CO₂
2026-05-13 10:54:10 [INFO]         voiture    0.52 km | 1.0 min | 62.2 g CO₂
2026-05-13 10:54:10 [INFO] 
   📍 Antigone → Faculté de Médecine
2026-05-13 10:54:10 [INFO]       Distance: 2.05 km
2026-05-13 10:54:10 [INFO]       Meilleur mode: VELO ⭐
2026-05-13 10:54:10 [INFO]       CO₂ économisé vs voiture: 245.7 g
2026-05-13 10:54:10 [INFO]       Comparaison:
2026-05-13 10:54:10 [INFO]         velo       2.05 km | 8.2 min | 0.0 g CO₂RECOMMANDÉ
2026-05-13 10:54:10 [INFO]         tram       2.05 km | 4.9 min | 8.2 g CO₂
2026-05-13 10:54:10 [INFO]         bus        2.05 km | 6.1 min | 139.3 g CO₂
2026-05-13 10:54:10 [INFO]         marche     2.05 km | 24.6 min | 0.0 g CO₂
2026-05-13 10:54:10 [INFO]         voiture    2.05 km | 4.1 min | 245.7 g CO₂
2026-05-13 10:54:10 [INFO] 
   📍 Centre → Odysseum (temps de pluie)
2026-05-13 10:54:10 [INFO]       Distance: 3.49 km
2026-05-13 10:54:10 [INFO]       Meilleur mode: TRAM ⭐
2026-05-13 10:54:10 [INFO]       CO₂ économisé vs voiture: 404.4 g
2026-05-13 10:54:10 [INFO]       Comparaison:
2026-05-13 10:54:10 [INFO]         tram       3.49 km | 8.4 min | 13.9 g CO₂RECOMMANDÉ
2026-05-13 10:54:10 [INFO]         velo       3.49 km | 13.9 min | 0.0 g CO₂
2026-05-13 10:54:10 [INFO]         marche     3.49 km | 41.8 min | 0.0 g CO₂
2026-05-13 10:54:10 [INFO]         bus        3.49 km | 10.5 min | 237.1 g CO₂
2026-05-13 10:54:10 [INFO]         voiture    3.49 km | 7.0 min | 418.3 g CO₂
2026-05-13 10:54:10 [INFO] =================================================================
2026-05-13 10:54:10 [INFO] 🌱 MODEL 3 — Kişisel CO₂ Tasarrufu
2026-05-13 10:54:10 [INFO] =================================================================
2026-05-13 10:54:10 [INFO]    Kullanıcı profili (1 ay):
2026-05-13 10:54:10 [INFO]    Trajet sayısı:        30
2026-05-13 10:54:10 [INFO]    Toplam mesafe:        124.17 km
2026-05-13 10:54:10 [INFO]    Araba ile olsaydı:    14900.7 g CO₂
2026-05-13 10:54:10 [INFO]    Bisiklet ile:         0.0 g CO₂
2026-05-13 10:54:10 [INFO]    TASARRUF:             14900.7 g CO₂ = 14.901 kg
2026-05-13 10:54:10 [INFO]    Ağaç eşdeğeri:        0.68 ağaç/yıl
2026-05-13 10:54:10 [INFO] 
2026-05-13 10:54:10 [INFO]    📊 AVANT / APRÈS Modality-Flow:
2026-05-13 10:54:10 [INFO]    ┌─────────────────────────────────────────┐
2026-05-13 10:54:10 [INFO]    │ AVANT  → Herkes araba kullanıyor        │
2026-05-13 10:54:10 [INFO]    │            14901 g CO₂/ay/kullanıcı  │
2026-05-13 10:54:10 [INFO]    │ APRÈS  → Modality-Flow ile bisiklet     │
2026-05-13 10:54:10 [INFO]    │                0 g CO₂/ay/kullanıcı  │
2026-05-13 10:54:10 [INFO]    │ GAIN   →    14901 g CO₂/ay/kullanıcı  │
2026-05-13 10:54:10 [INFO]    └─────────────────────────────────────────┘
2026-05-13 10:54:10 [INFO] 
   Projeksiyon (7.500 kullanıcı, 1 yıl):
2026-05-13 10:54:10 [INFO]    → 1,341,090 kg CO₂ tasarruf = 1,341.1 tonnes
2026-05-13 10:54:10 [INFO] =================================================================
2026-05-13 10:54:10 [INFO] AVANT / APRÈS — Impact Modality-Flow
2026-05-13 10:54:10 [INFO] =================================================================
2026-05-13 10:56:39 [INFO] MODALITY-FLOW ML Pipeline démarré
2026-05-13 10:56:39 [INFO]    Heure: 2026-05-13 10:56:39
2026-05-13 10:56:39 [INFO] =================================================================
2026-05-13 10:56:39 [INFO] Veri yükleniyor...
2026-05-13 10:56:39 [INFO] =================================================================
2026-05-13 10:56:39 [INFO] 644880 satır yüklendi
2026-05-13 10:56:39 [INFO]    Kolonlar: ['station_id', 'timestamp', 'bisiklet_sayisi', 'heure', 'jour_semaine', 'mois', 'jour_mois', 'heure_pointe', 'weekend', 'temperature_max', 'temperature_min', 'precipitation_sum', 'wind_speed_max', 'weather_code', 'indice_qualite', 'no2', 'o3', 'pm10']
2026-05-13 10:56:39 [INFO]    İstasyon sayısı: 57
2026-05-13 10:56:39 [INFO]    Tarih aralığı: 2024-01-01 01:00:13 → 2026-05-13 01:59:13
2026-05-13 10:56:39 [INFO]    Bisiklet min/max: 0 / 55
2026-05-13 10:56:39 [INFO] =================================================================
2026-05-13 10:56:39 [INFO] 🤖 MODEL 1 — Bisiklet Doluluk Tahmini
2026-05-13 10:56:39 [INFO] =================================================================
2026-05-13 10:56:39 [INFO]    Train: 515904 satır | Test: 128976 satır
2026-05-13 10:56:39 [INFO]    RandomForest eğitiliyor...
2026-05-13 10:56:52 [INFO]    MAE  (Mean Absolute Error): 0.30 bisiklet
2026-05-13 10:56:52 [INFO]    R²   (Coefficient): 0.992
2026-05-13 10:56:52 [INFO]    Yorum: Ortalama 0.3 bisiklet hata payıyla tahmin yapıyor
2026-05-13 10:56:52 [INFO] 
   En önemli feature'lar:
        feature  importance
station_encoded    0.849672
temperature_max    0.051086
      jour_mois    0.026112
          heure    0.020395
           mois    0.011663
   jour_semaine    0.010381
 wind_speed_max    0.008565
2026-05-13 10:56:52 [INFO] Model kaydedildi: /Users/ozlemdechamps/Desktop/Velo/ML/models/availability_model.pkl
2026-05-13 10:56:52 [INFO] 
2026-05-13 10:56:52 [INFO]    Örnek tahminler:
2026-05-13 10:56:52 [INFO]    Pazartesi sabah 08:00: ~1 bisiklet mevcut
2026-05-13 10:56:52 [INFO]    Çarşamba öğle 12:00: ~8 bisiklet mevcut
2026-05-13 10:56:52 [INFO]    Cuma akşam 18:00: ~8 bisiklet mevcut
2026-05-13 10:56:52 [INFO]    Cumartesi öğleden sonra: ~3 bisiklet mevcut
2026-05-13 10:56:52 [INFO] =================================================================
2026-05-13 10:56:52 [INFO] 🗺️  MODEL 2 — En Az Karbonlu Rota Tahmini
2026-05-13 10:56:52 [INFO] =================================================================
2026-05-13 10:56:52 [INFO] 
   📍 Gare Saint-Roch → Place de la Comédie
2026-05-13 10:56:52 [INFO]       Distance: 0.52 km
2026-05-13 10:56:52 [INFO]       Meilleur mode: VELO ⭐
2026-05-13 10:56:52 [INFO]       CO₂ économisé vs voiture: 62.2 g
2026-05-13 10:56:52 [INFO]       Comparaison:
2026-05-13 10:56:52 [INFO]         velo       0.52 km | 2.1 min | 0.0 g CO₂RECOMMANDÉ
2026-05-13 10:56:52 [INFO]         marche     0.52 km | 6.2 min | 0.0 g CO₂
2026-05-13 10:56:52 [INFO]         tram       0.52 km | 1.2 min | 2.1 g CO₂
2026-05-13 10:56:52 [INFO]         bus        0.52 km | 1.6 min | 35.3 g CO₂
2026-05-13 10:56:52 [INFO]         voiture    0.52 km | 1.0 min | 62.2 g CO₂
2026-05-13 10:56:52 [INFO] 
   📍 Antigone → Faculté de Médecine
2026-05-13 10:56:52 [INFO]       Distance: 2.05 km
2026-05-13 10:56:52 [INFO]       Meilleur mode: VELO ⭐
2026-05-13 10:56:52 [INFO]       CO₂ économisé vs voiture: 245.7 g
2026-05-13 10:56:52 [INFO]       Comparaison:
2026-05-13 10:56:52 [INFO]         velo       2.05 km | 8.2 min | 0.0 g CO₂RECOMMANDÉ
2026-05-13 10:56:52 [INFO]         tram       2.05 km | 4.9 min | 8.2 g CO₂
2026-05-13 10:56:52 [INFO]         bus        2.05 km | 6.1 min | 139.3 g CO₂
2026-05-13 10:56:52 [INFO]         marche     2.05 km | 24.6 min | 0.0 g CO₂
2026-05-13 10:56:52 [INFO]         voiture    2.05 km | 4.1 min | 245.7 g CO₂
2026-05-13 10:56:52 [INFO] 
   📍 Centre → Odysseum (temps de pluie)
2026-05-13 10:56:52 [INFO]       Distance: 3.49 km
2026-05-13 10:56:52 [INFO]       Meilleur mode: TRAM ⭐
2026-05-13 10:56:52 [INFO]       CO₂ économisé vs voiture: 404.4 g
2026-05-13 10:56:52 [INFO]       Comparaison:
2026-05-13 10:56:52 [INFO]         tram       3.49 km | 8.4 min | 13.9 g CO₂RECOMMANDÉ
2026-05-13 10:56:52 [INFO]         velo       3.49 km | 13.9 min | 0.0 g CO₂
2026-05-13 10:56:52 [INFO]         marche     3.49 km | 41.8 min | 0.0 g CO₂
2026-05-13 10:56:52 [INFO]         bus        3.49 km | 10.5 min | 237.1 g CO₂
2026-05-13 10:56:52 [INFO]         voiture    3.49 km | 7.0 min | 418.3 g CO₂
2026-05-13 10:56:52 [INFO] =================================================================
2026-05-13 10:56:52 [INFO] 🌱 MODEL 3 — Kişisel CO₂ Tasarrufu
2026-05-13 10:56:52 [INFO] =================================================================
2026-05-13 10:56:52 [INFO]    Kullanıcı profili (1 ay):
2026-05-13 10:56:52 [INFO]    Trajet sayısı:        30
2026-05-13 10:56:52 [INFO]    Toplam mesafe:        113.22 km
2026-05-13 10:56:52 [INFO]    Araba ile olsaydı:    13586.4 g CO₂
2026-05-13 10:56:52 [INFO]    Bisiklet ile:         0.0 g CO₂
2026-05-13 10:56:52 [INFO]    TASARRUF:             13586.4 g CO₂ = 13.586 kg
2026-05-13 10:56:52 [INFO]    Ağaç eşdeğeri:        0.62 ağaç/yıl
2026-05-13 10:56:52 [INFO] 
2026-05-13 10:56:52 [INFO]    📊 AVANT / APRÈS Modality-Flow:
2026-05-13 10:56:52 [INFO]    ┌─────────────────────────────────────────┐
2026-05-13 10:56:52 [INFO]    │ AVANT  → Herkes araba kullanıyor        │
2026-05-13 10:56:52 [INFO]    │            13586 g CO₂/ay/kullanıcı  │
2026-05-13 10:56:52 [INFO]    │ APRÈS  → Modality-Flow ile bisiklet     │
2026-05-13 10:56:52 [INFO]    │                0 g CO₂/ay/kullanıcı  │
2026-05-13 10:56:52 [INFO]    │ GAIN   →    13586 g CO₂/ay/kullanıcı  │
2026-05-13 10:56:52 [INFO]    └─────────────────────────────────────────┘
2026-05-13 10:56:52 [INFO] 
   Projeksiyon (7.500 kullanıcı, 1 yıl):
2026-05-13 10:56:52 [INFO]    → 1,222,740 kg CO₂ tasarruf = 1,222.7 tonnes
2026-05-13 10:56:52 [INFO] =================================================================
2026-05-13 10:56:52 [INFO] AVANT / APRÈS — Impact Modality-Flow
2026-05-13 10:56:52 [INFO] =================================================================
2026-05-13 10:56:52 [INFO] 
   Qualité de l'air Montpellier (2024):
2026-05-13 10:56:52 [INFO]  mois  aqi_moyen  aqi_min  aqi_max  nb_jours
    1   2.241935        2        4        62
    2   2.160714        2        4        56
    3   2.274194        2        3        62
    4   2.683333        2        4        60
    5   2.704545        2        4        44
    6   3.100000        2        4        30
    7   2.870968        2        4        31
    8   3.129032        2        4        31
    9   2.266667        2        3        30
   10   2.096774        2        3        31
   11   2.066667        2        3        30
   12   1.967742        1        3        31
2026-05-13 10:56:52 [INFO] 
   Utilisation moyenne Vélomagg par heure:
2026-05-13 10:56:52 [INFO]  heure  moy_bisiklet  nb_mesures
     0      6.183671       23700
     1      6.137694       27060
     2      6.166407       27000
     3      6.156541       27060
     4      6.176778       27000
     5      6.169475       27060
     6      6.175203       27060
     7      6.199113       27060
     8      6.225979       27060
     9      6.248374       27060
    10      6.246489       27060
    11      6.241961       29356
    12      6.199047       30420
    13      6.152397       30460
    14      6.143425       30420
    15      6.089185       30420
    16      5.977133       29300
    17      5.949187       27060
    18      5.998950       24764
    19      6.077468       23700
    20      6.102658       23700
    21      6.129198       23700
    22      6.135949       23700
    23      6.153840       23700
2026-05-13 10:56:52 [INFO] 
   Utilisation par période:
2026-05-13 10:56:52 [INFO]       periode  moy_bisiklet  nb_stations
Soir (17-19h)      6.005760           57
  Hors pointe      6.148880           57
Midi (12-14h)      6.164951           57
 Matin (7-9h)      6.224489           57
2026-05-13 10:56:52 [INFO] Rapport sauvegardé: /Users/ozlemdechamps/Desktop/Velo/ML/reports/ml_report.json
2026-05-13 10:56:52 [INFO] =================================================================
2026-05-13 10:56:52 [INFO] ML Pipeline terminé en 13s
2026-05-13 10:56:52 [INFO]    Modèles: /Users/ozlemdechamps/Desktop/Velo/ML/models
2026-05-13 10:56:52 [INFO]    Rapports: /Users/ozlemdechamps/Desktop/Velo/ML/reports
2026-05-13 10:56:52 [INFO] =================================================================
